// Jest Snapshot v1, https://goo.gl/fbAQLP

exports[`<A /> should have href attribute 1`] = `
ShallowWrapper {
  Symbol(enzyme.__root__): [Circular],
  Symbol(enzyme.__unrendered__): <A
    href="localhost:3000"
  >
    Click me
  </A>,
  Symbol(enzyme.__renderer__): Object {
    "batchedUpdates": [Function],
    "getNode": [Function],
    "render": [Function],
    "simulateError": [Function],
    "simulateEvent": [Function],
    "unmount": [Function],
  },
  Symbol(enzyme.__node__): Object {
    "instance": null,
    "key": undefined,
    "nodeType": "function",
    "props": Object {
      "children": "Click me",
      "href": "localhost:3000",
    },
    "ref": null,
    "rendered": "Click me",
    "type": Object {
      "$$typeof": Symbol(react.forward_ref),
      "attrs": Array [],
      "componentStyle": ComponentStyle {
        "componentId": "sc-bdVaJa",
        "isStatic": true,
        "lastClassName": "gAjIeR",
        "rules": Array [
          "
  color: hsl(130, 50%, 50%);
",
        ],
      },
      "displayName": "styled.a",
      "render": [Function],
      "styledComponentId": "sc-bdVaJa",
      "target": "a",
      "toString": [Function],
      "warnTooManyClasses": [Function],
      "withComponent": [Function],
    },
  },
  Symbol(enzyme.__nodes__): Array [
    Object {
      "instance": null,
      "key": undefined,
      "nodeType": "function",
      "props": Object {
        "children": "Click me",
        "href": "localhost:3000",
      },
      "ref": null,
      "rendered": "Click me",
      "type": Object {
        "$$typeof": Symbol(react.forward_ref),
        "attrs": Array [],
        "componentStyle": ComponentStyle {
          "componentId": "sc-bdVaJa",
          "isStatic": true,
          "lastClassName": "gAjIeR",
          "rules": Array [
            "
  color: hsl(130, 50%, 50%);
",
          ],
        },
        "displayName": "styled.a",
        "render": [Function],
        "styledComponentId": "sc-bdVaJa",
        "target": "a",
        "toString": [Function],
        "warnTooManyClasses": [Function],
        "withComponent": [Function],
      },
    },
  ],
  Symbol(enzyme.__options__): Object {
    "adapter": ReactSixteenAdapter {
      "options": Object {
        "enableComponentDidUpdateOnSetState": true,
        "lifecycles": Object {
          "componentDidUpdate": Object {
            "onSetState": true,
          },
          "getDerivedStateFromProps": true,
          "getSnapshotBeforeUpdate": true,
          "setState": Object {
            "skipsComponentDidUpdateOnNullish": true,
          },
        },
      },
    },
  },
}
`;
